******************************************************************************
                  MSP430 Linker PC v4.1.1                      
******************************************************************************
>> Linked Mon Oct 15 07:17:28 2012

OUTPUT FILE NAME:   <SP-CM-STM.out>
ENTRY POINT SYMBOL: "_c_int00"  address: 0000dff0


MEMORY CONFIGURATION

         name            origin    length      used     unused   attr    fill
----------------------  --------  ---------  --------  --------  ----  --------
  SFR                   00000000   00000010  00000000  00000010  RWIX
  PERIPHERALS_8BIT      00000010   000000f0  00000000  000000f0  RWIX
  PERIPHERALS_16BIT     00000100   00000100  00000000  00000100  RWIX
  RAM                   00000200   00000800  000001a6  0000065a  RWIX
  INFOD                 00001000   00000040  00000000  00000040  RWIX
  INFOC                 00001040   00000040  00000000  00000040  RWIX
  INFOB                 00001080   00000040  00000000  00000040  RWIX
  INFOA                 000010c0   00000040  00000000  00000040  RWIX
  FLASH                 0000c000   00003fde  000025a4  00001a3a  RWIX
  INT00                 0000ffe0   00000002  00000000  00000002  RWIX
  INT01                 0000ffe2   00000002  00000000  00000002  RWIX
  INT02                 0000ffe4   00000002  00000002  00000000  RWIX
  INT03                 0000ffe6   00000002  00000002  00000000  RWIX
  INT04                 0000ffe8   00000002  00000000  00000002  RWIX
  INT05                 0000ffea   00000002  00000000  00000002  RWIX
  INT06                 0000ffec   00000002  00000000  00000002  RWIX
  INT07                 0000ffee   00000002  00000002  00000000  RWIX
  INT08                 0000fff0   00000002  00000000  00000002  RWIX
  INT09                 0000fff2   00000002  00000002  00000000  RWIX
  INT10                 0000fff4   00000002  00000000  00000002  RWIX
  INT11                 0000fff6   00000002  00000000  00000002  RWIX
  INT12                 0000fff8   00000002  00000002  00000000  RWIX
  INT13                 0000fffa   00000002  00000002  00000000  RWIX
  INT14                 0000fffc   00000002  00000000  00000002  RWIX
  RESET                 0000fffe   00000002  00000002  00000000  RWIX


SECTION ALLOCATION MAP

 output                                  attributes/
section   page    origin      length       input sections
--------  ----  ----------  ----------   ----------------
.pinit     0    0000c000    00000000     UNINITIALIZED

.bss       0    00000200    00000156     UNINITIALIZED
                  00000200    000000a8     FiveTM.obj (.bss)
                  000002a8    00000060     core.obj (.bss)
                  00000308    0000002a     comm.obj (.bss)
                  00000332    00000019     uartCom.obj (.bss)
                  0000034b    00000001     valve.obj (.bss)
                  0000034c    00000004     rts430.lib : _lock.obj (.bss)
                  00000350    00000004                : boot.obj (.bss)
                  00000354    00000002     main.obj (.bss)

.stack     0    000009b0    00000050     UNINITIALIZED
                  000009b0    00000002     rts430.lib : boot.obj (.stack)
                  000009b2    0000004e     --HOLE--

.text      0    0000c000    000021ac     
                  0000c000    00000526     core.obj (.text:vCORE_Run)
                  0000c526    0000039a     FiveTM.obj (.text:v5TM_Display)
                  0000c8c0    000001d2     FiveTM.obj (.text:c5TM_ReadValue)
                  0000ca92    000001b6     uartCom.obj (.text:vUARTCOM_HandleUART)
                  0000cc48    00000142     FiveTM.obj (.text:TIMERB1_ISR)
                  0000cd8a    000000f0     FiveTM.obj (.text:PORT1_ISR)
                  0000ce7a    000000ee     main.obj (.text:main_CM12_STM12)
                  0000cf68    000000ea     comm.obj (.text:TIMERA0_ISR)
                  0000d052    000000da     comm.obj (.text:vCOMM_Init)
                  0000d12c    000000ca     main.obj (.text:main_CM2_STM12)
                  0000d1f6    000000c8     main.obj (.text:main_CM1_STM12)
                  0000d2be    000000be     FiveTM.obj (.text:c5TM_Test_Checksum)
                  0000d37c    000000b2     FiveTM.obj (.text:c5TM_Measure2)
                  0000d42e    000000b0     main.obj (.text:main_CM12_STM1)
                  0000d4de    000000b0     main.obj (.text:main_CM12_STM2)
                  0000d58e    000000a8     FiveTM.obj (.text:c5TM_Measure1)
                  0000d636    000000a0     core.obj (.text:vCORE_Initilize)
                  0000d6d6    00000096     main.obj (.text:main_STM12)
                  0000d76c    0000008c     main.obj (.text:main_CM2_STM1)
                  0000d7f8    0000008c     main.obj (.text:main_CM2_STM2)
                  0000d884    0000008a     main.obj (.text:main_CM1_STM1)
                  0000d90e    0000008a     main.obj (.text:main_CM1_STM2)
                  0000d998    00000072     comm.obj (.text:PORT2_ISR)
                  0000da0a    00000072     core.obj (.text:unCORE_GetVoltage)
                  0000da7c    0000006a     FiveTM.obj (.text:v5TM_Initialize)
                  0000dae6    00000062     main.obj (.text:main_CM12)
                  0000db48    00000062     core.obj (.text:vCORE_InitilizeTransducerTable)
                  0000dbaa    0000005c     valve.obj (.text:unVALVE_Set1)
                  0000dc06    0000005c     valve.obj (.text:unVALVE_Set2)
                  0000dc62    00000056     FiveTM.obj (.text:i5TM_GetTemp)
                  0000dcb8    00000052     valve.obj (.text:TIMERB0_ISR)
                  0000dd0a    00000052     main.obj (.text:main_STM1)
                  0000dd5c    00000052     main.obj (.text:main_STM2)
                  0000ddae    0000004c     rts430.lib : lsr16.obj (.text)
                  0000ddfa    00000046                : autoinit.obj (.text:_auto_init)
                  0000de40    0000003e     uartCom.obj (.text:cpUARTCOM_readBuffer)
                  0000de7e    00000036     main.obj (.text:main_CM2)
                  0000deb4    00000034     main.obj (.text:main_CM1)
                  0000dee8    00000030     comm.obj (.text:vCOMM_SendByte)
                  0000df18    0000002e     FiveTM.obj (.text:i5TM_GetSoil)
                  0000df46    0000002c     rts430.lib : asr16.obj (.text)
                  0000df72    0000002c                : div16s.obj (.text)
                  0000df9e    0000002a     comm.obj (.text:ucCOMM_Grab32BitDataMessageFromBuffer)
                  0000dfc8    00000028     uartCom.obj (.text:USCI0RX_ISR)
                  0000dff0    00000026     rts430.lib : boot.obj (.text:_c_int00_noexit)
                  0000e016    00000026     comm.obj (.text:vCOMM_WaitFor32BitDataMessage)
                  0000e03c    00000026     core.obj (.text:vCORE_Send_ConfirmPKT)
                  0000e062    00000020     uartCom.obj (.text:ucUARTCOM_LastIsReturn)
                  0000e082    00000020     valve.obj (.text:vVALVE_Initialize)
                  0000e0a2    0000001e     uartCom.obj (.text:ucUARTCOM_getBufferFill)
                  0000e0c0    0000001e     comm.obj (.text:vCOMM_Send128BitDataMessage)
                  0000e0de    0000001e     comm.obj (.text:vCOMM_SendLabelMessage)
                  0000e0fc    0000001c     uartCom.obj (.text:vUARTCOM_TXString)
                  0000e118    0000001a     comm.obj (.text:vCOMM_Send32BitDataMessage)
                  0000e132    00000016     rts430.lib : div16u.obj (.text)
                  0000e148    00000014     main.obj (.text:main)
                  0000e15c    00000014     rts430.lib : mult16_hw.obj (.text)
                  0000e170    00000012                : memcpy.obj (.text:memcpy)
                  0000e182    00000010                : epilog.obj (.text)
                  0000e192    00000006     main.obj (.text:main_Do5TM1)
                  0000e198    00000006     main.obj (.text:main_Do5TM2)
                  0000e19e    00000004     rts430.lib : pre_init.obj (.text:_system_pre_init)
                  0000e1a2    00000004                : exit.obj (.text:abort)
                  0000e1a6    00000004     main.obj (.text:main_Test)
                  0000e1aa    00000002     rts430.lib : _lock.obj (.text:_nop)

.const     0    0000e1ac    000003a0     
                  0000e1ac    00000256     core.obj (.const:.string)
                  0000e402    000000ac     uartCom.obj (.const:.string)
                  0000e4ae    0000009e     FiveTM.obj (.const:.string)

.cinit     0    0000e54c    00000058     
                  0000e54c    0000001d     FiveTM.obj (.cinit)
                  0000e569    00000001     --HOLE-- [fill = 0]
                  0000e56a    00000014     core.obj (.cinit)
                  0000e57e    00000011     uartCom.obj (.cinit)
                  0000e58f    00000001     --HOLE-- [fill = 0]
                  0000e590    0000000b     main.obj (.cinit)
                  0000e59b    00000001     --HOLE-- [fill = 0]
                  0000e59c    00000005     valve.obj (.cinit)
                  0000e5a1    00000001     --HOLE-- [fill = 0]
                  0000e5a2    00000002     (.pad.cinit) [fill = 0]

.int02     0    0000ffe4    00000002     
                  0000ffe4    00000002     FiveTM.obj (.int02)

.int03     0    0000ffe6    00000002     
                  0000ffe6    00000002     comm.obj (.int03)

.int07     0    0000ffee    00000002     
                  0000ffee    00000002     uartCom.obj (.int07)

.int09     0    0000fff2    00000002     
                  0000fff2    00000002     comm.obj (.int09)

.int12     0    0000fff8    00000002     
                  0000fff8    00000002     FiveTM.obj (.int12)

.int13     0    0000fffa    00000002     
                  0000fffa    00000002     valve.obj (.int13)

.reset     0    0000fffe    00000002     
                  0000fffe    00000002     rts430.lib : boot.obj (.reset)


GLOBAL SYMBOLS: SORTED ALPHABETICALLY BY Name 

address    name
--------   ----
00000200   .bss
0000c000   .text
000001a0   ADC12CTL0
000001a2   ADC12CTL1
000001a6   ADC12IE
000001a4   ADC12IFG
000001a8   ADC12IV
00000080   ADC12MCTL0
00000081   ADC12MCTL1
0000008a   ADC12MCTL10
0000008b   ADC12MCTL11
0000008c   ADC12MCTL12
0000008d   ADC12MCTL13
0000008e   ADC12MCTL14
0000008f   ADC12MCTL15
00000082   ADC12MCTL2
00000083   ADC12MCTL3
00000084   ADC12MCTL4
00000085   ADC12MCTL5
00000086   ADC12MCTL6
00000087   ADC12MCTL7
00000088   ADC12MCTL8
00000089   ADC12MCTL9
00000140   ADC12MEM0
00000142   ADC12MEM1
00000154   ADC12MEM10
00000156   ADC12MEM11
00000158   ADC12MEM12
0000015a   ADC12MEM13
0000015c   ADC12MEM14
0000015e   ADC12MEM15
00000144   ADC12MEM2
00000146   ADC12MEM3
00000148   ADC12MEM4
0000014a   ADC12MEM5
0000014c   ADC12MEM6
0000014e   ADC12MEM7
00000150   ADC12MEM8
00000152   ADC12MEM9
00000057   BCSCTL1
00000058   BCSCTL2
00000053   BCSCTL3
0000e1a2   C$$EXIT
00000059   CACTL1
0000005a   CACTL2
000010fb   CALBC1_12MHZ
000010f9   CALBC1_16MHZ
000010ff   CALBC1_1MHZ
000010fd   CALBC1_8MHZ
000010fa   CALDCO_12MHZ
000010f8   CALDCO_16MHZ
000010fe   CALDCO_1MHZ
000010fc   CALDCO_8MHZ
0000005b   CAPD
00000056   DCOCTL
0000034b   Error
00000128   FCTL1
0000012a   FCTL2
0000012c   FCTL3
000001be   FCTL4
00000000   IE1
00000001   IE2
00000002   IFG1
00000003   IFG2
0000df46   I_ASR
0000df6e   I_ASR_1
0000df5c   I_ASR_10
0000df5a   I_ASR_11
0000df58   I_ASR_12
0000df56   I_ASR_13
0000df54   I_ASR_14
0000df52   I_ASR_15
0000df6c   I_ASR_2
0000df6a   I_ASR_3
0000df68   I_ASR_4
0000df66   I_ASR_5
0000df64   I_ASR_6
0000df62   I_ASR_7
0000df60   I_ASR_8
0000df5e   I_ASR_9
0000ddae   I_LSR
0000ddf4   I_LSR_1
0000ddd0   I_LSR_10
0000ddcc   I_LSR_11
0000ddc8   I_LSR_12
0000ddc4   I_LSR_13
0000ddc0   I_LSR_14
0000ddbc   I_LSR_15
0000ddf0   I_LSR_2
0000ddec   I_LSR_3
0000dde8   I_LSR_4
0000dde4   I_LSR_5
0000dde0   I_LSR_6
0000dddc   I_LSR_7
0000ddd8   I_LSR_8
0000ddd4   I_LSR_9
00000134   MAC
00000136   MACS
00000130   MPY
00000132   MPYS
00000138   OP2
00000022   P1DIR
00000025   P1IE
00000024   P1IES
00000023   P1IFG
00000020   P1IN
00000021   P1OUT
00000027   P1REN
00000026   P1SEL
0000002a   P2DIR
0000002d   P2IE
0000002c   P2IES
0000002b   P2IFG
00000028   P2IN
00000029   P2OUT
0000002f   P2REN
0000002e   P2SEL
0000001a   P3DIR
00000018   P3IN
00000019   P3OUT
00000010   P3REN
0000001b   P3SEL
0000001e   P4DIR
0000001c   P4IN
0000001d   P4OUT
00000011   P4REN
0000001f   P4SEL
00000032   P5DIR
00000030   P5IN
00000031   P5OUT
00000012   P5REN
00000033   P5SEL
00000036   P6DIR
00000034   P6IN
00000035   P6OUT
00000013   P6REN
00000037   P6SEL
0000cd8a   PORT1_ISR
0000d998   PORT2_ISR
0000013c   RESHI
0000013a   RESLO
0000013e   SUMEXT
00000055   SVSCTL
0000034a   SoilQ
00000172   TACCR0
00000174   TACCR1
00000176   TACCR2
00000162   TACCTL0
00000164   TACCTL1
00000166   TACCTL2
00000160   TACTL
0000012e   TAIV
00000170   TAR
00000192   TBCCR0
00000194   TBCCR1
00000196   TBCCR2
00000182   TBCCTL0
00000184   TBCCTL1
00000186   TBCCTL2
00000180   TBCTL
0000011e   TBIV
00000190   TBR
0000cf68   TIMERA0_ISR
0000dcb8   TIMERB0_ISR
0000cc48   TIMERB1_ISR
000010db   TLV_ADC12_1_LEN
000010da   TLV_ADC12_1_TAG
000010c0   TLV_CHECKSUM
000010f7   TLV_DCO_30_LEN
000010f6   TLV_DCO_30_TAG
0000005d   UCA0ABCTL
00000062   UCA0BR0
00000063   UCA0BR1
00000060   UCA0CTL0
00000061   UCA0CTL1
0000005f   UCA0IRRCTL
0000005e   UCA0IRTCTL
00000064   UCA0MCTL
00000066   UCA0RXBUF
00000065   UCA0STAT
00000067   UCA0TXBUF
0000006a   UCB0BR0
0000006b   UCB0BR1
00000068   UCB0CTL0
00000069   UCB0CTL1
0000006c   UCB0I2CIE
00000118   UCB0I2COA
0000011a   UCB0I2CSA
0000006e   UCB0RXBUF
0000006d   UCB0STAT
0000006f   UCB0TXBUF
0000dfc8   USCI0RX_ISR
00000120   WDTCTL
00000a00   __STACK_END
00000050   __STACK_SIZE
00000001   __TI_args_main
00000001   __TI_auto_init
00000001   __TI_exit
ffffffff   __binit__
00000200   __bss__
ffffffff   __c_args__
0000e54c   __cinit__
0000df72   __divi
0000e132   __divu
00000356   __end__
0000e1ac   __etext__
0000e15c   __mpyi_hw
ffffffff   __pinit__
0000df72   __remi
0000e132   __remu
0000c000   __text__
0000ddfa   _auto_init
0000dff0   _c_int00
0000dff0   _c_int00_noexit
00000350   _cleanup_ptr
00000352   _dtors_ptr
0000034c   _lock
0000e1aa   _nop
0000fffe   _reset_vector
000009b0   _stack
0000e19e   _system_pre_init
0000034e   _unlock
0000e1a2   abort
ffffffff   binit
00000355   c5TM_Initialized
0000d58e   c5TM_Measure1
0000d37c   c5TM_Measure2
0000c8c0   c5TM_ReadValue
0000d2be   c5TM_Test_Checksum
0000033a   cBufferInCounter
0000033c   cBufferOutCounter
00000332   cRXBuffer
00000354   cValve_Initialized
0000e54c   cinit
0000de40   cpUARTCOM_readBuffer
00000356   end
0000e1ac   etext
0000e18e   func_epilog_1
0000e18c   func_epilog_2
0000e18a   func_epilog_3
0000e188   func_epilog_4
0000e186   func_epilog_5
0000e184   func_epilog_6
0000e182   func_epilog_7
000002c0   g_128DataMsg
000002b8   g_32DataMsg
000002d4   g_LabelMsg
000002a1   g_uc5TM1_RXBusy
000002a2   g_uc5TM2_RXBusy
000002a3   g_uc5TM3_RXBusy
000002a4   g_uc5TM4_RXBusy
00000220   g_uc5TM_1_RXBufferIndex
00000242   g_uc5TM_2_RXBufferIndex
00000264   g_uc5TM_3_RXBufferIndex
00000286   g_uc5TM_4_RXBufferIndex
000002a0   g_uc5TM_RXBitsLeft
00000308   g_ucCOMM_Flags
0000032f   g_ucRXBitsLeft
0000032e   g_ucRXBufferIndex
00000331   g_ucTXBitsLeft
00000330   g_ucTXBuffer
00000200   g_uca5TM_1_RXBuffer
00000222   g_uca5TM_2_RXBuffer
00000244   g_uca5TM_3_RXBuffer
00000266   g_uca5TM_4_RXBuffer
0000030e   g_ucaRXBuffer
0000030a   g_unCOMM_BaudRateControl
0000030c   g_unCOMM_BaudRateDelayControl
000002a8   g_unaCoreData
000002e8   gp_tfSensorTable
0000df18   i5TM_GetSoil
0000dc62   i5TM_GetTemp
000002a6   len
00000346   length
0000e148   main
0000deb4   main_CM1
0000dae6   main_CM12
0000d42e   main_CM12_STM1
0000ce7a   main_CM12_STM12
0000d4de   main_CM12_STM2
0000d884   main_CM1_STM1
0000d1f6   main_CM1_STM12
0000d90e   main_CM1_STM2
0000de7e   main_CM2
0000d76c   main_CM2_STM1
0000d12c   main_CM2_STM12
0000d7f8   main_CM2_STM2
0000e192   main_Do5TM1
0000e198   main_Do5TM2
0000dd0a   main_STM1
0000d6d6   main_STM12
0000dd5c   main_STM2
0000e1a6   main_Test
0000e170   memcpy
ffffffff   pinit
0000033e   string1
00000348   time
000002a5   timeoutcounter
0000df9e   ucCOMM_Grab32BitDataMessageFromBuffer
0000e062   ucUARTCOM_LastIsReturn
0000e0a2   ucUARTCOM_getBufferFill
00000298   un5TM_1_Soil
00000288   un5TM_1_Temperature
00000290   un5TM_1_Temperature_neg
0000029a   un5TM_2_Soil
0000028a   un5TM_2_Temperature
00000292   un5TM_2_Temperature_neg
0000029c   un5TM_3_Soil
0000028c   un5TM_3_Temperature
00000294   un5TM_3_Temperature_neg
0000029e   un5TM_4_Soil
0000028e   un5TM_4_Temperature
00000296   un5TM_4_Temperature_neg
0000da0a   unCORE_GetVoltage
0000dbaa   unVALVE_Set1
0000dc06   unVALVE_Set2
0000c526   v5TM_Display
0000da7c   v5TM_Initialize
0000d052   vCOMM_Init
0000e0c0   vCOMM_Send128BitDataMessage
0000e118   vCOMM_Send32BitDataMessage
0000dee8   vCOMM_SendByte
0000e0de   vCOMM_SendLabelMessage
0000e016   vCOMM_WaitFor32BitDataMessage
0000d636   vCORE_Initilize
0000db48   vCORE_InitilizeTransducerTable
0000c000   vCORE_Run
0000e03c   vCORE_Send_ConfirmPKT
0000ca92   vUARTCOM_HandleUART
0000e0fc   vUARTCOM_TXString
0000e082   vVALVE_Initialize
00000347   valveQ


GLOBAL SYMBOLS: SORTED BY Symbol Address 

address    name
--------   ----
00000000   IE1
00000001   IE2
00000001   __TI_args_main
00000001   __TI_auto_init
00000001   __TI_exit
00000002   IFG1
00000003   IFG2
00000010   P3REN
00000011   P4REN
00000012   P5REN
00000013   P6REN
00000018   P3IN
00000019   P3OUT
0000001a   P3DIR
0000001b   P3SEL
0000001c   P4IN
0000001d   P4OUT
0000001e   P4DIR
0000001f   P4SEL
00000020   P1IN
00000021   P1OUT
00000022   P1DIR
00000023   P1IFG
00000024   P1IES
00000025   P1IE
00000026   P1SEL
00000027   P1REN
00000028   P2IN
00000029   P2OUT
0000002a   P2DIR
0000002b   P2IFG
0000002c   P2IES
0000002d   P2IE
0000002e   P2SEL
0000002f   P2REN
00000030   P5IN
00000031   P5OUT
00000032   P5DIR
00000033   P5SEL
00000034   P6IN
00000035   P6OUT
00000036   P6DIR
00000037   P6SEL
00000050   __STACK_SIZE
00000053   BCSCTL3
00000055   SVSCTL
00000056   DCOCTL
00000057   BCSCTL1
00000058   BCSCTL2
00000059   CACTL1
0000005a   CACTL2
0000005b   CAPD
0000005d   UCA0ABCTL
0000005e   UCA0IRTCTL
0000005f   UCA0IRRCTL
00000060   UCA0CTL0
00000061   UCA0CTL1
00000062   UCA0BR0
00000063   UCA0BR1
00000064   UCA0MCTL
00000065   UCA0STAT
00000066   UCA0RXBUF
00000067   UCA0TXBUF
00000068   UCB0CTL0
00000069   UCB0CTL1
0000006a   UCB0BR0
0000006b   UCB0BR1
0000006c   UCB0I2CIE
0000006d   UCB0STAT
0000006e   UCB0RXBUF
0000006f   UCB0TXBUF
00000080   ADC12MCTL0
00000081   ADC12MCTL1
00000082   ADC12MCTL2
00000083   ADC12MCTL3
00000084   ADC12MCTL4
00000085   ADC12MCTL5
00000086   ADC12MCTL6
00000087   ADC12MCTL7
00000088   ADC12MCTL8
00000089   ADC12MCTL9
0000008a   ADC12MCTL10
0000008b   ADC12MCTL11
0000008c   ADC12MCTL12
0000008d   ADC12MCTL13
0000008e   ADC12MCTL14
0000008f   ADC12MCTL15
00000118   UCB0I2COA
0000011a   UCB0I2CSA
0000011e   TBIV
00000120   WDTCTL
00000128   FCTL1
0000012a   FCTL2
0000012c   FCTL3
0000012e   TAIV
00000130   MPY
00000132   MPYS
00000134   MAC
00000136   MACS
00000138   OP2
0000013a   RESLO
0000013c   RESHI
0000013e   SUMEXT
00000140   ADC12MEM0
00000142   ADC12MEM1
00000144   ADC12MEM2
00000146   ADC12MEM3
00000148   ADC12MEM4
0000014a   ADC12MEM5
0000014c   ADC12MEM6
0000014e   ADC12MEM7
00000150   ADC12MEM8
00000152   ADC12MEM9
00000154   ADC12MEM10
00000156   ADC12MEM11
00000158   ADC12MEM12
0000015a   ADC12MEM13
0000015c   ADC12MEM14
0000015e   ADC12MEM15
00000160   TACTL
00000162   TACCTL0
00000164   TACCTL1
00000166   TACCTL2
00000170   TAR
00000172   TACCR0
00000174   TACCR1
00000176   TACCR2
00000180   TBCTL
00000182   TBCCTL0
00000184   TBCCTL1
00000186   TBCCTL2
00000190   TBR
00000192   TBCCR0
00000194   TBCCR1
00000196   TBCCR2
000001a0   ADC12CTL0
000001a2   ADC12CTL1
000001a4   ADC12IFG
000001a6   ADC12IE
000001a8   ADC12IV
000001be   FCTL4
00000200   .bss
00000200   __bss__
00000200   g_uca5TM_1_RXBuffer
00000220   g_uc5TM_1_RXBufferIndex
00000222   g_uca5TM_2_RXBuffer
00000242   g_uc5TM_2_RXBufferIndex
00000244   g_uca5TM_3_RXBuffer
00000264   g_uc5TM_3_RXBufferIndex
00000266   g_uca5TM_4_RXBuffer
00000286   g_uc5TM_4_RXBufferIndex
00000288   un5TM_1_Temperature
0000028a   un5TM_2_Temperature
0000028c   un5TM_3_Temperature
0000028e   un5TM_4_Temperature
00000290   un5TM_1_Temperature_neg
00000292   un5TM_2_Temperature_neg
00000294   un5TM_3_Temperature_neg
00000296   un5TM_4_Temperature_neg
00000298   un5TM_1_Soil
0000029a   un5TM_2_Soil
0000029c   un5TM_3_Soil
0000029e   un5TM_4_Soil
000002a0   g_uc5TM_RXBitsLeft
000002a1   g_uc5TM1_RXBusy
000002a2   g_uc5TM2_RXBusy
000002a3   g_uc5TM3_RXBusy
000002a4   g_uc5TM4_RXBusy
000002a5   timeoutcounter
000002a6   len
000002a8   g_unaCoreData
000002b8   g_32DataMsg
000002c0   g_128DataMsg
000002d4   g_LabelMsg
000002e8   gp_tfSensorTable
00000308   g_ucCOMM_Flags
0000030a   g_unCOMM_BaudRateControl
0000030c   g_unCOMM_BaudRateDelayControl
0000030e   g_ucaRXBuffer
0000032e   g_ucRXBufferIndex
0000032f   g_ucRXBitsLeft
00000330   g_ucTXBuffer
00000331   g_ucTXBitsLeft
00000332   cRXBuffer
0000033a   cBufferInCounter
0000033c   cBufferOutCounter
0000033e   string1
00000346   length
00000347   valveQ
00000348   time
0000034a   SoilQ
0000034b   Error
0000034c   _lock
0000034e   _unlock
00000350   _cleanup_ptr
00000352   _dtors_ptr
00000354   cValve_Initialized
00000355   c5TM_Initialized
00000356   __end__
00000356   end
000009b0   _stack
00000a00   __STACK_END
000010c0   TLV_CHECKSUM
000010da   TLV_ADC12_1_TAG
000010db   TLV_ADC12_1_LEN
000010f6   TLV_DCO_30_TAG
000010f7   TLV_DCO_30_LEN
000010f8   CALDCO_16MHZ
000010f9   CALBC1_16MHZ
000010fa   CALDCO_12MHZ
000010fb   CALBC1_12MHZ
000010fc   CALDCO_8MHZ
000010fd   CALBC1_8MHZ
000010fe   CALDCO_1MHZ
000010ff   CALBC1_1MHZ
0000c000   .text
0000c000   __text__
0000c000   vCORE_Run
0000c526   v5TM_Display
0000c8c0   c5TM_ReadValue
0000ca92   vUARTCOM_HandleUART
0000cc48   TIMERB1_ISR
0000cd8a   PORT1_ISR
0000ce7a   main_CM12_STM12
0000cf68   TIMERA0_ISR
0000d052   vCOMM_Init
0000d12c   main_CM2_STM12
0000d1f6   main_CM1_STM12
0000d2be   c5TM_Test_Checksum
0000d37c   c5TM_Measure2
0000d42e   main_CM12_STM1
0000d4de   main_CM12_STM2
0000d58e   c5TM_Measure1
0000d636   vCORE_Initilize
0000d6d6   main_STM12
0000d76c   main_CM2_STM1
0000d7f8   main_CM2_STM2
0000d884   main_CM1_STM1
0000d90e   main_CM1_STM2
0000d998   PORT2_ISR
0000da0a   unCORE_GetVoltage
0000da7c   v5TM_Initialize
0000dae6   main_CM12
0000db48   vCORE_InitilizeTransducerTable
0000dbaa   unVALVE_Set1
0000dc06   unVALVE_Set2
0000dc62   i5TM_GetTemp
0000dcb8   TIMERB0_ISR
0000dd0a   main_STM1
0000dd5c   main_STM2
0000ddae   I_LSR
0000ddbc   I_LSR_15
0000ddc0   I_LSR_14
0000ddc4   I_LSR_13
0000ddc8   I_LSR_12
0000ddcc   I_LSR_11
0000ddd0   I_LSR_10
0000ddd4   I_LSR_9
0000ddd8   I_LSR_8
0000dddc   I_LSR_7
0000dde0   I_LSR_6
0000dde4   I_LSR_5
0000dde8   I_LSR_4
0000ddec   I_LSR_3
0000ddf0   I_LSR_2
0000ddf4   I_LSR_1
0000ddfa   _auto_init
0000de40   cpUARTCOM_readBuffer
0000de7e   main_CM2
0000deb4   main_CM1
0000dee8   vCOMM_SendByte
0000df18   i5TM_GetSoil
0000df46   I_ASR
0000df52   I_ASR_15
0000df54   I_ASR_14
0000df56   I_ASR_13
0000df58   I_ASR_12
0000df5a   I_ASR_11
0000df5c   I_ASR_10
0000df5e   I_ASR_9
0000df60   I_ASR_8
0000df62   I_ASR_7
0000df64   I_ASR_6
0000df66   I_ASR_5
0000df68   I_ASR_4
0000df6a   I_ASR_3
0000df6c   I_ASR_2
0000df6e   I_ASR_1
0000df72   __divi
0000df72   __remi
0000df9e   ucCOMM_Grab32BitDataMessageFromBuffer
0000dfc8   USCI0RX_ISR
0000dff0   _c_int00
0000dff0   _c_int00_noexit
0000e016   vCOMM_WaitFor32BitDataMessage
0000e03c   vCORE_Send_ConfirmPKT
0000e062   ucUARTCOM_LastIsReturn
0000e082   vVALVE_Initialize
0000e0a2   ucUARTCOM_getBufferFill
0000e0c0   vCOMM_Send128BitDataMessage
0000e0de   vCOMM_SendLabelMessage
0000e0fc   vUARTCOM_TXString
0000e118   vCOMM_Send32BitDataMessage
0000e132   __divu
0000e132   __remu
0000e148   main
0000e15c   __mpyi_hw
0000e170   memcpy
0000e182   func_epilog_7
0000e184   func_epilog_6
0000e186   func_epilog_5
0000e188   func_epilog_4
0000e18a   func_epilog_3
0000e18c   func_epilog_2
0000e18e   func_epilog_1
0000e192   main_Do5TM1
0000e198   main_Do5TM2
0000e19e   _system_pre_init
0000e1a2   C$$EXIT
0000e1a2   abort
0000e1a6   main_Test
0000e1aa   _nop
0000e1ac   __etext__
0000e1ac   etext
0000e54c   __cinit__
0000e54c   cinit
0000fffe   _reset_vector
ffffffff   __binit__
ffffffff   __c_args__
ffffffff   __pinit__
ffffffff   binit
ffffffff   pinit

[332 symbols]
